[html.dynamiclayers.net/dl/charitify/index.html]
[backblue.gif]
[fade.gif]
[index.html]
[html.dynamiclayers.net/dl/charitify/img/favicon.png]
[html.dynamiclayers.net/dl/charitify/css/font-awesome.min.css]
[html.dynamiclayers.net/dl/charitify/css/themify-icons.css]
[html.dynamiclayers.net/dl/charitify/css/elegant-font-icons.css]
[html.dynamiclayers.net/dl/charitify/css/elegant-line-icons.css]
[html.dynamiclayers.net/dl/charitify/css/bootstrap.min.css]
[html.dynamiclayers.net/dl/charitify/css/venobox/venobox.css]
[html.dynamiclayers.net/dl/charitify/css/owl.carousel.css]
[html.dynamiclayers.net/dl/charitify/css/slicknav.min.css]
[html.dynamiclayers.net/dl/charitify/css/css-animation.min.css]
[html.dynamiclayers.net/dl/charitify/css/nivo-slider.css]
[html.dynamiclayers.net/dl/charitify/css/main.css]
[html.dynamiclayers.net/dl/charitify/css/responsive.css]
[html.dynamiclayers.net/dl/charitify/js/vendor/modernizr-2.8.3-respond-1.4.2.min.js]
[html.dynamiclayers.net/dl/charitify/img/logo.png]
[html.dynamiclayers.net/dl/charitify/about.html]
[html.dynamiclayers.net/dl/charitify/causes.html]
[html.dynamiclayers.net/dl/charitify/event.html]
[html.dynamiclayers.net/dl/charitify/gallery.html]
[html.dynamiclayers.net/dl/charitify/team.html]
[html.dynamiclayers.net/dl/charitify/404.html]
[html.dynamiclayers.net/dl/charitify/blog-grid.html]
[html.dynamiclayers.net/dl/charitify/blog-left-sidebar.html]
[html.dynamiclayers.net/dl/charitify/blog-right-sidebar.html]
[html.dynamiclayers.net/dl/charitify/blog-single.html]
[html.dynamiclayers.net/dl/charitify/contact.html]
[html.dynamiclayers.net/dl/charitify/img/slider-1.jpg]
[html.dynamiclayers.net/dl/charitify/img/slider-2.jpg]
[html.dynamiclayers.net/dl/charitify/img/slider-3.jpg]
[html.dynamiclayers.net/dl/charitify/img/icon-1.png]
[html.dynamiclayers.net/dl/charitify/img/icon-2.png]
[html.dynamiclayers.net/dl/charitify/img/icon-3.png]
[html.dynamiclayers.net/dl/charitify/img/causes-1.jpg]
[html.dynamiclayers.net/dl/charitify/img/causes-2.jpg]
[html.dynamiclayers.net/dl/charitify/img/causes-3.jpg]
[html.dynamiclayers.net/dl/charitify/img/profile.jpg]
[html.dynamiclayers.net/dl/charitify/img/sign.png]
[html.dynamiclayers.net/dl/charitify/img/history.jpg]
[html.dynamiclayers.net/dl/charitify/img/mission.jpg]
[html.dynamiclayers.net/dl/charitify/img/video.jpg]
[html.dynamiclayers.net/dl/charitify/img/team-1.jpg]
[html.dynamiclayers.net/dl/charitify/img/team-2.jpg]
[html.dynamiclayers.net/dl/charitify/img/team-3.jpg]
[html.dynamiclayers.net/dl/charitify/img/team-4.jpg]
[html.dynamiclayers.net/dl/charitify/img/events-1.jpg]
[html.dynamiclayers.net/dl/charitify/img/events-2.jpg]
[html.dynamiclayers.net/dl/charitify/img/events-3.jpg]
[html.dynamiclayers.net/dl/charitify/img/home-blog-1.jpg]
[html.dynamiclayers.net/dl/charitify/img/home-blog-2.jpg]
[html.dynamiclayers.net/dl/charitify/img/home-blog-3.jpg]
[html.dynamiclayers.net/dl/charitify/img/sponsor-1.png]
[html.dynamiclayers.net/dl/charitify/img/sponsor-2.png]
[html.dynamiclayers.net/dl/charitify/img/sponsor-3.png]
[html.dynamiclayers.net/dl/charitify/img/sponsor-4.png]
[html.dynamiclayers.net/dl/charitify/img/sponsor-5.png]
[html.dynamiclayers.net/dl/charitify/img/sponsor-6.png]
[html.dynamiclayers.net/dl/charitify/img/sponsor-7.png]
[html.dynamiclayers.net/dl/charitify/img/sponsor-8.png]
[html.dynamiclayers.net/dl/charitify/img/logo-light.png]
[html.dynamiclayers.net/dl/charitify/js/vendor/jquery-1.12.4.min.js]
[html.dynamiclayers.net/dl/charitify/js/vendor/tether.min.js]
[html.dynamiclayers.net/dl/charitify/js/vendor/imagesloaded.pkgd.min.js]
[html.dynamiclayers.net/dl/charitify/js/vendor/owl.carousel.min.js]
[html.dynamiclayers.net/dl/charitify/js/vendor/jquery.isotope.v3.0.2.js]
[html.dynamiclayers.net/dl/charitify/js/vendor/smooth-scroll.min.js]
[html.dynamiclayers.net/dl/charitify/js/vendor/venobox.min.js]
[html.dynamiclayers.net/dl/charitify/js/vendor/jquery.ajaxchimp.min.js]
[html.dynamiclayers.net/dl/charitify/js/vendor/jquery.counterup.min.js]
[html.dynamiclayers.net/dl/charitify/js/vendor/jquery.waypoints.v2.0.3.min.js]
[html.dynamiclayers.net/dl/charitify/js/vendor/jquery.slicknav.min.js]
[html.dynamiclayers.net/dl/charitify/js/vendor/jquery.nivo.slider.pack.js]
[html.dynamiclayers.net/dl/charitify/js/vendor/letteranimation.min.js]
[html.dynamiclayers.net/dl/charitify/js/vendor/wow.min.js]
[html.dynamiclayers.net/dl/charitify/js/contact.js]
[html.dynamiclayers.net/dl/charitify/js/main.js]
[html.dynamiclayers.net/dl/charitify/index.html]
[html.dynamiclayers.net/dl/charitify/fonts/fontawesome-webfont3e6e.eot]
[html.dynamiclayers.net/dl/charitify/fonts/fontawesome-webfont3e6e.woff2]
[html.dynamiclayers.net/dl/charitify/fonts/fontawesome-webfont3e6e.woff]
[html.dynamiclayers.net/dl/charitify/css/font-awesome.min.css]
[html.dynamiclayers.net/dl/charitify/fonts/fontawesome-webfont3e6e.ttf]
[html.dynamiclayers.net/dl/charitify/fonts/themify9f24.eot]
[html.dynamiclayers.net/dl/charitify/fonts/fontawesome-webfont3e6e.svg]
[html.dynamiclayers.net/dl/charitify/fonts/themifyd41d.eot]
[html.dynamiclayers.net/dl/charitify/fonts/themify9f24.woff]
[html.dynamiclayers.net/dl/charitify/fonts/themify9f24.ttf]
[html.dynamiclayers.net/dl/charitify/css/themify-icons.css]
[html.dynamiclayers.net/dl/charitify/fonts/themify9f24.svg]
[html.dynamiclayers.net/dl/charitify/fonts/ElegantIcons.eot]
[html.dynamiclayers.net/dl/charitify/fonts/ElegantIconsd41d.eot]
[html.dynamiclayers.net/dl/charitify/fonts/ElegantIcons.woff]
[html.dynamiclayers.net/dl/charitify/fonts/ElegantIcons.ttf]
[html.dynamiclayers.net/dl/charitify/css/elegant-font-icons.css]
[html.dynamiclayers.net/dl/charitify/fonts/ElegantIcons.svg]
[html.dynamiclayers.net/dl/charitify/fonts/et-line.eot]
[html.dynamiclayers.net/dl/charitify/fonts/et-lined41d.eot]
[html.dynamiclayers.net/dl/charitify/fonts/et-line.woff]
[html.dynamiclayers.net/dl/charitify/fonts/et-line.ttf]
[html.dynamiclayers.net/dl/charitify/css/elegant-line-icons.css]
[html.dynamiclayers.net/dl/charitify/css/bootstrap.min.css]
[html.dynamiclayers.net/dl/charitify/css/venobox/venobox.css]
[html.dynamiclayers.net/dl/charitify/css/owl.video.play.png]
[html.dynamiclayers.net/dl/charitify/css/owl.carousel.css]
[html.dynamiclayers.net/dl/charitify/css/slicknav.min.css]
[html.dynamiclayers.net/dl/charitify/css/css-animation.min.css]
[html.dynamiclayers.net/dl/charitify/css/nivo-slider.css]
[html.dynamiclayers.net/dl/charitify/img/featured-bg.jpg]
[html.dynamiclayers.net/dl/charitify/img/counters-bg.jpg]
[html.dynamiclayers.net/dl/charitify/img/hero-bg.jpg]
[html.dynamiclayers.net/dl/charitify/img/page-header-bg.jpg]
[html.dynamiclayers.net/dl/charitify/img/cta-bg.jpg]
[html.dynamiclayers.net/dl/charitify/css/main.css]
[html.dynamiclayers.net/dl/charitify/css/responsive.css]
[html.dynamiclayers.net/dl/charitify/GET]
[html.dynamiclayers.net/dl/charitify/js/vendor/modernizr-2.8.3-respond-1.4.2.min.js]
[html.dynamiclayers.net/dl/charitify/img/about.jpg]
[html.dynamiclayers.net/dl/charitify/about.html]
[html.dynamiclayers.net/dl/charitify/causes.html]
[html.dynamiclayers.net/dl/charitify/event.html]
[html.dynamiclayers.net/dl/charitify/index-2.html]
[html.dynamiclayers.net/dl/charitify/img/gallery-1.jpg]
[html.dynamiclayers.net/dl/charitify/img/gallery-2.jpg]
[html.dynamiclayers.net/dl/charitify/img/gallery-3.jpg]
[html.dynamiclayers.net/dl/charitify/img/gallery-4.jpg]
[html.dynamiclayers.net/dl/charitify/img/gallery-5.jpg]
[html.dynamiclayers.net/dl/charitify/img/gallery-6.jpg]
[html.dynamiclayers.net/dl/charitify/gallery.html]
[html.dynamiclayers.net/dl/charitify/team.html]
[html.dynamiclayers.net/dl/charitify/404.html]
[html.dynamiclayers.net/dl/charitify/img/post-1.jpg]
[html.dynamiclayers.net/dl/charitify/img/post-2.jpg]
[html.dynamiclayers.net/dl/charitify/img/post-3.jpg]
[html.dynamiclayers.net/dl/charitify/img/post-4.jpg]
[html.dynamiclayers.net/dl/charitify/img/post-5.jpg]
[html.dynamiclayers.net/dl/charitify/img/post-6.jpg]
[html.dynamiclayers.net/dl/charitify/blog-grid.html]
[html.dynamiclayers.net/dl/charitify/img/rel-post-1.jpg]
[html.dynamiclayers.net/dl/charitify/img/rel-post-2.jpg]
[html.dynamiclayers.net/dl/charitify/img/rel-post-3.jpg]
[html.dynamiclayers.net/dl/charitify/img/rel-post-4.jpg]
[html.dynamiclayers.net/dl/charitify/img/rel-post-5.jpg]
[html.dynamiclayers.net/dl/charitify/blog-left-sidebar.html]
[html.dynamiclayers.net/dl/charitify/blog-right-sidebar.html]
[html.dynamiclayers.net/dl/charitify/img/comment-1.jpg]
[html.dynamiclayers.net/dl/charitify/img/comment-2.jpg]
[html.dynamiclayers.net/dl/charitify/img/comment-3.jpg]
[html.dynamiclayers.net/dl/charitify/img/comment-4.jpg]
[html.dynamiclayers.net/dl/charitify/blog-single.html]
[html.dynamiclayers.net/dl/charitify/contact.html]
[html.dynamiclayers.net/dl/charitify/js/vendor/jquery-1.12.4.min.js]
[html.dynamiclayers.net/dl/charitify/You must include the utils.js file before tether.js]
[html.dynamiclayers.net/dl/charitify/js/vendor/tether.min.js]
[html.dynamiclayers.net/dl/charitify/js/vendor/imagesloaded.pkgd.min.js]
[html.dynamiclayers.net/dl/charitify/js/vendor/owl.carousel.min.js]
[html.dynamiclayers.net/dl/charitify/js/vendor/jquery.isotope.v3.0.2.js]
[html.dynamiclayers.net/dl/charitify/js/vendor/smooth-scroll.min.js]
[html.dynamiclayers.net/dl/charitify/js/vendor/venobox.min.js]
[html.dynamiclayers.net/dl/charitify/js/vendor/jquery.ajaxchimp.min.js]
[html.dynamiclayers.net/dl/charitify/js/vendor/jquery.counterup.min.js]
[html.dynamiclayers.net/dl/charitify/js/vendor/jquery.waypoints.v2.0.3.min.js]
[html.dynamiclayers.net/dl/charitify/js/vendor/jquery.slicknav.min.js]
[html.dynamiclayers.net/dl/charitify/js/vendor/jquery.nivo.slider.pack.js]
[html.dynamiclayers.net/dl/charitify/js/vendor/letteranimation.min.js]
[html.dynamiclayers.net/dl/charitify/js/vendor/wow.min.js]
[html.dynamiclayers.net/dl/charitify/js/contact.js]
[html.dynamiclayers.net/dl/charitify/js/main.js]
[html.dynamiclayers.net/dl/charitify/fonts/fontawesome-webfont3e6e.svg]
[html.dynamiclayers.net/dl/charitify/fonts/themify9f24.svg]
[html.dynamiclayers.net/dl/charitify/fonts/ElegantIcons.svg]
[html.dynamiclayers.net/dl/charitify/css/owl.video.play.html]
[html.dynamiclayers.net/dl/charitify/GET.html]
[html.dynamiclayers.net/dl/charitify/index-2.html]
[html.dynamiclayers.net/dl/charitify/fonts/fontawesome-webfontd41d.eot]
[html.dynamiclayers.net/dl/charitify/You must include the utils.js file before tether.html]
[html.dynamiclayers.net/dl/charitify/img/map.png]
[html.dynamiclayers.net/dl/charitify/fonts/et-line.svg]
[html.dynamiclayers.net/dl/charitify/fonts/et-line.svg]
[html.dynamiclayers.net/dl/charitify/js/vendor/bootstrap.min.js]
[html.dynamiclayers.net/dl/charitify/popper.js]
[html.dynamiclayers.net/dl/charitify/js/vendor/bootstrap.min.js]
[html.dynamiclayers.net/dl/charitify/popper.html]
